NLM_ADD_START 2026-04-29T19:11:06Z
===pdf-21a07e2e3e63===
ok: added: pdf-21a07e2e3e63 → cycling-and-fitness (9671b541-5a90-4cf6-b089-961398de31f2)
  touched: /Users/andrewgrant/code/knowledge/raw/pdf/pdf-21a07e2e3e63.md
  touched: /Users/andrewgrant/code/knowledge/nlm/notebooks.yaml
---
===pdf-432fe168a2d1===
ok: added: pdf-432fe168a2d1 → cycling-and-fitness (9671b541-5a90-4cf6-b089-961398de31f2)
  touched: /Users/andrewgrant/code/knowledge/raw/pdf/pdf-432fe168a2d1.md
  touched: /Users/andrewgrant/code/knowledge/nlm/notebooks.yaml
---
===pdf-95753e942ede===
ok: added: pdf-95753e942ede → cycling-and-fitness (9671b541-5a90-4cf6-b089-961398de31f2)
  touched: /Users/andrewgrant/code/knowledge/raw/pdf/pdf-95753e942ede.md
  touched: /Users/andrewgrant/code/knowledge/nlm/notebooks.yaml
---
===pdf-a5ea98378b0a===
ok: added: pdf-a5ea98378b0a → cycling-and-fitness (9671b541-5a90-4cf6-b089-961398de31f2)
  touched: /Users/andrewgrant/code/knowledge/raw/pdf/pdf-a5ea98378b0a.md
  touched: /Users/andrewgrant/code/knowledge/nlm/notebooks.yaml
---
===pdf-a78b30f3c6c3===
ok: added: pdf-a78b30f3c6c3 → cycling-and-fitness (9671b541-5a90-4cf6-b089-961398de31f2)
  touched: /Users/andrewgrant/code/knowledge/raw/pdf/pdf-a78b30f3c6c3.md
  touched: /Users/andrewgrant/code/knowledge/nlm/notebooks.yaml
---
===pdf-a96a6a5b955a===
ok: added: pdf-a96a6a5b955a → cycling-and-fitness (9671b541-5a90-4cf6-b089-961398de31f2)
  touched: /Users/andrewgrant/code/knowledge/raw/pdf/pdf-a96a6a5b955a.md
  touched: /Users/andrewgrant/code/knowledge/nlm/notebooks.yaml
---
===pdf-b51938faf250===
ok: added: pdf-b51938faf250 → cycling-and-fitness (9671b541-5a90-4cf6-b089-961398de31f2)
  touched: /Users/andrewgrant/code/knowledge/raw/pdf/pdf-b51938faf250.md
  touched: /Users/andrewgrant/code/knowledge/nlm/notebooks.yaml
---
===pdf-d2f73a919c86===
ok: added: pdf-d2f73a919c86 → cycling-and-fitness (9671b541-5a90-4cf6-b089-961398de31f2)
  touched: /Users/andrewgrant/code/knowledge/raw/pdf/pdf-d2f73a919c86.md
  touched: /Users/andrewgrant/code/knowledge/nlm/notebooks.yaml
---
===pdf-f03d709c7ff7===
ok: added: pdf-f03d709c7ff7 → cycling-and-fitness (9671b541-5a90-4cf6-b089-961398de31f2)
  touched: /Users/andrewgrant/code/knowledge/raw/pdf/pdf-f03d709c7ff7.md
  touched: /Users/andrewgrant/code/knowledge/nlm/notebooks.yaml
---
===pdf-f13aa755f8e2===
ok: added: pdf-f13aa755f8e2 → cycling-and-fitness (9671b541-5a90-4cf6-b089-961398de31f2)
  touched: /Users/andrewgrant/code/knowledge/raw/pdf/pdf-f13aa755f8e2.md
  touched: /Users/andrewgrant/code/knowledge/nlm/notebooks.yaml
---
===pdf-c985b0372d8a===
ok: added: pdf-c985b0372d8a → cycling-and-fitness (9671b541-5a90-4cf6-b089-961398de31f2)
  touched: /Users/andrewgrant/code/knowledge/raw/pdf/pdf-c985b0372d8a.md
  touched: /Users/andrewgrant/code/knowledge/nlm/notebooks.yaml
---
===pdf-8dee6c5cd58d===
ok: added: pdf-8dee6c5cd58d → cycling-and-fitness (9671b541-5a90-4cf6-b089-961398de31f2)
  touched: /Users/andrewgrant/code/knowledge/raw/pdf/pdf-8dee6c5cd58d.md
  touched: /Users/andrewgrant/code/knowledge/nlm/notebooks.yaml
---
NLM_ADD_DONE 2026-04-29T19:14:35Z
