WITH_PLAN_START 2026-05-04T17:38:54Z total=      20
===[1] trading-and-markets pdf-f139d7bd1924===
ok: already ingested; ran --with-plan: applied plan for pdf-f139d7bd1924: 10 update(s)
  touched: /Users/andrewgrant/code/knowledge/wiki/entities/andrew-constan.md
  touched: /Users/andrewgrant/code/knowledge/wiki/entities/brady-commission.md
  touched: /Users/andrewgrant/code/knowledge/wiki/entities/salomon-brothers.md
  touched: /Users/andrewgrant/code/knowledge/wiki/entities/long-term-capital-management.md
  touched: /Users/andrewgrant/code/knowledge/wiki/entities/drexel-burnham.md
  touched: /Users/andrewgrant/code/knowledge/wiki/entities/victor-niederhoffer.md
  touched: /Users/andrewgrant/code/knowledge/wiki/entities/lor-associates.md
  touched: /Users/andrewgrant/code/knowledge/wiki/concepts/deleveraging-framework.md
  touched: /Users/andrewgrant/code/knowledge/wiki/concepts/margin-call-cascade.md
  touched: /Users/andrewgrant/code/knowledge/wiki/concepts/portfolio-insurance.md
  touched: /Users/andrewgrant/code/knowledge/log.md
---
===[2] trading-and-markets pdf-f2565310670c===
ok: already ingested; ran --with-plan: applied plan for pdf-f2565310670c: 3 update(s)
  touched: /Users/andrewgrant/code/knowledge/wiki/concepts/equilibrium-discount-premium.md
  touched: /Users/andrewgrant/code/knowledge/wiki/concepts/pd-array.md
  touched: /Users/andrewgrant/code/knowledge/wiki/concepts/internal-vs-external-liquidity.md
  touched: /Users/andrewgrant/code/knowledge/log.md
---
===[3] trading-and-markets pdf-fa83c61dfa2d===
ok: already ingested; ran --with-plan: applied plan for pdf-fa83c61dfa2d: 9 update(s)
  touched: /Users/andrewgrant/code/knowledge/wiki/entities/quincy-data.md
  touched: /Users/andrewgrant/code/knowledge/wiki/entities/riadh-zaatour.md
  touched: /Users/andrewgrant/code/knowledge/wiki/entities/stephane-tyc.md
  touched: /Users/andrewgrant/code/knowledge/wiki/entities/nanex.md
  touched: /Users/andrewgrant/code/knowledge/wiki/entities/virtu-financial.md
  touched: /Users/andrewgrant/code/knowledge/wiki/entities/fia-ptg.md
  touched: /Users/andrewgrant/code/knowledge/wiki/concepts/fomc-news-release-mechanism.md
  touched: /Users/andrewgrant/code/knowledge/wiki/concepts/speed-of-light-latency-constraint.md
  touched: /Users/andrewgrant/code/knowledge/wiki/concepts/winner-takes-all-microstructure.md
  touched: /Users/andrewgrant/code/knowledge/log.md
---
===[4] trading-and-markets pdf-fb3e28ab676a===
ok: already ingested; ran --with-plan: applied plan for pdf-fb3e28ab676a: 12 update(s)
  touched: /Users/andrewgrant/code/knowledge/wiki/entities/daron-acemoglu.md
  touched: /Users/andrewgrant/code/knowledge/wiki/concepts/task-based-ai-macro-framework.md
  touched: /Users/andrewgrant/code/knowledge/wiki/concepts/hultens-theorem-for-ai.md
  touched: /Users/andrewgrant/code/knowledge/wiki/concepts/easy-vs-hard-to-learn-tasks.md
  touched: /Users/andrewgrant/code/knowledge/wiki/concepts/ai-capital-labor-income-gap.md
  touched: /Users/andrewgrant/code/knowledge/wiki/concepts/ai-new-bad-tasks.md
  touched: /Users/andrewgrant/code/knowledge/wiki/concepts/ai-task-complementarity.md
  touched: /Users/andrewgrant/code/knowledge/wiki/concepts/labor-share-decline.md
  touched: /Users/andrewgrant/code/knowledge/wiki/concepts/productivity-inequality-from-ai.md
  touched: /Users/andrewgrant/code/knowledge/wiki/entities/nber.md
  touched: /Users/andrewgrant/code/knowledge/wiki/concepts/ai-automation-displacement-effect.md
  touched: /Users/andrewgrant/code/knowledge/wiki/concepts/ai-macro-forecast-skepticism.md
  touched: /Users/andrewgrant/code/knowledge/log.md
---
===[5] trading-and-markets pdf-girquark-2022-global-economics-analyst===
operation failed:
  - update[3] (wiki/concepts/this-cycle-is-different.md): frontmatter: invalid YAML in frontmatter: while parsing a block mapping
  in "<unicode string>", line 1, column 1:
    type: concept
    ^
expected <block end>, but found '<scalar>'
  in "<unicode string>", line 3, column 43:
     ... name: "This Cycle Is Different" (Goldman Sachs 2023 Thesis)
                                         ^
---
===[6] trading-and-markets pdf-lasse-pedersen-2011-title-how-to===
ok: already ingested; ran --with-plan: applied plan for pdf-lasse-pedersen-2011-title-how-to: 6 update(s)
  touched: /Users/andrewgrant/code/knowledge/wiki/entities/tobias-moskowitz.md
  touched: /Users/andrewgrant/code/knowledge/wiki/entities/yao-hua-ooi.md
  touched: /Users/andrewgrant/code/knowledge/wiki/entities/lasse-h-pedersen.md
  touched: /Users/andrewgrant/code/knowledge/wiki/concepts/time-series-momentum.md
  touched: /Users/andrewgrant/code/knowledge/wiki/concepts/speculator-hedger-momentum-transfer.md
  touched: /Users/andrewgrant/code/knowledge/wiki/entities/university-of-chicago-booth.md
  touched: /Users/andrewgrant/code/knowledge/log.md
---
===[7] trading-and-markets pdf-eric-benhamou-2021-powerpoint-presentation===
ok: already ingested; ran --with-plan: applied plan for pdf-eric-benhamou-2021-powerpoint-presentation: 3 update(s)
  touched: /Users/andrewgrant/code/knowledge/wiki/entities/eric-benhamou.md
  touched: /Users/andrewgrant/code/knowledge/wiki/entities/remy-belmonte.md
  touched: /Users/andrewgrant/code/knowledge/wiki/entities/universite-paris-dauphine.md
  touched: /Users/andrewgrant/code/knowledge/log.md
---
===[8] trading-and-markets pdf-bd-2002-microsoft-word-dow===
ok: already ingested; ran --with-plan: applied plan for pdf-bd-2002-microsoft-word-dow: 4 update(s)
  touched: /Users/andrewgrant/code/knowledge/wiki/entities/paul-desmond.md
  touched: /Users/andrewgrant/code/knowledge/wiki/entities/lowrys-reports.md
  touched: /Users/andrewgrant/code/knowledge/wiki/concepts/ninety-percent-days.md
  touched: /Users/andrewgrant/code/knowledge/wiki/concepts/lowry-supply-demand-framework.md
  touched: /Users/andrewgrant/code/knowledge/log.md
---
===[9] trading-and-markets pdf-ari-kiev-2005-stocks-commodities-v===
ok: already ingested; ran --with-plan: applied plan for pdf-ari-kiev-2005-stocks-commodities-v: 2 update(s)
  touched: /Users/andrewgrant/code/knowledge/wiki/entities/ari-kiev.md
  touched: /Users/andrewgrant/code/knowledge/wiki/concepts/centering.md
  touched: /Users/andrewgrant/code/knowledge/log.md
---
===[10] trading-and-markets pdf-ali-khan-2023-the-ict-bible===
ok: already ingested; ran --with-plan: applied plan for pdf-ali-khan-2023-the-ict-bible: 15 update(s)
  touched: /Users/andrewgrant/code/knowledge/wiki/entities/ali-khan.md
  touched: /Users/andrewgrant/code/knowledge/wiki/entities/inner-circle-trader.md
  touched: /Users/andrewgrant/code/knowledge/wiki/concepts/ipda.md
  touched: /Users/andrewgrant/code/knowledge/wiki/concepts/amd-cycle.md
  touched: /Users/andrewgrant/code/knowledge/wiki/concepts/fair-value-gap.md
  touched: /Users/andrewgrant/code/knowledge/wiki/concepts/killzones.md
  touched: /Users/andrewgrant/code/knowledge/wiki/concepts/order-block.md
  touched: /Users/andrewgrant/code/knowledge/wiki/concepts/power-of-3.md
  touched: /Users/andrewgrant/code/knowledge/wiki/concepts/pd-array.md
  touched: /Users/andrewgrant/code/knowledge/wiki/concepts/smt-divergence.md
  touched: /Users/andrewgrant/code/knowledge/wiki/concepts/displacement.md
  touched: /Users/andrewgrant/code/knowledge/wiki/concepts/swing-high-swing-low-three-candle.md
  touched: /Users/andrewgrant/code/knowledge/wiki/concepts/consequent-encroachment.md
  touched: /Users/andrewgrant/code/knowledge/wiki/concepts/volume-imbalance.md
  touched: /Users/andrewgrant/code/knowledge/wiki/concepts/gap-imbalance.md
  touched: /Users/andrewgrant/code/knowledge/log.md
---
===[11] trading-and-markets pdf-alberto-frizziero-2023-thenorthloop-intro-eng===
ok: already ingested; ran --with-plan: plan for pdf-alberto-frizziero-2023-thenorthloop-intro-eng contains no updates
---
===[12] trading-and-markets pdf-sqzme-2020-the-implied-order===
ok: already ingested; ran --with-plan: applied plan for pdf-sqzme-2020-the-implied-order: 6 update(s)
  touched: /Users/andrewgrant/code/knowledge/wiki/entities/squeezemetrics.md
  touched: /Users/andrewgrant/code/knowledge/wiki/concepts/implied-order-book.md
  touched: /Users/andrewgrant/code/knowledge/wiki/concepts/gamma-exposure-gex.md
  touched: /Users/andrewgrant/code/knowledge/wiki/concepts/vanna-exposure-vex.md
  touched: /Users/andrewgrant/code/knowledge/wiki/concepts/dealer-directional-open-interest.md
  touched: /Users/andrewgrant/code/knowledge/wiki/concepts/negative-gamma-exposure.md
  touched: /Users/andrewgrant/code/knowledge/log.md
---
===[13] trading-and-markets pdf-sugsu-2020-microsoft-word-hfholdem===
ok: already ingested; ran --with-plan: applied plan for pdf-sugsu-2020-microsoft-word-hfholdem: 10 update(s)
  touched: /Users/andrewgrant/code/knowledge/wiki/entities/yan-lu.md
  touched: /Users/andrewgrant/code/knowledge/wiki/entities/sandra-mortal.md
  touched: /Users/andrewgrant/code/knowledge/wiki/entities/sugata-ray.md
  touched: /Users/andrewgrant/code/knowledge/wiki/entities/hendon-mob.md
  touched: /Users/andrewgrant/code/knowledge/wiki/entities/david-einhorn.md
  touched: /Users/andrewgrant/code/knowledge/wiki/entities/steve-cohen.md
  touched: /Users/andrewgrant/code/knowledge/wiki/entities/sac-capital-management.md
  touched: /Users/andrewgrant/code/knowledge/wiki/concepts/poker-skill-fund-performance-correlation.md
  touched: /Users/andrewgrant/code/knowledge/wiki/concepts/tournament-win-flow-response.md
  touched: /Users/andrewgrant/code/knowledge/wiki/concepts/skill-signal-alpha-erosion.md
  touched: /Users/andrewgrant/code/knowledge/log.md
---
===[14] trading-and-markets pdf-won-2022-bii-global-outlook===
ok: already ingested; ran --with-plan: applied plan for pdf-won-2022-bii-global-outlook: 14 update(s)
  touched: /Users/andrewgrant/code/knowledge/wiki/entities/blackrock-investment-institute.md
  touched: /Users/andrewgrant/code/knowledge/wiki/entities/philipp-hildebrand.md
  touched: /Users/andrewgrant/code/knowledge/wiki/entities/jean-boivin.md
  touched: /Users/andrewgrant/code/knowledge/wiki/entities/wei-li-bii.md
  touched: /Users/andrewgrant/code/knowledge/wiki/entities/scott-thiel.md
  touched: /Users/andrewgrant/code/knowledge/wiki/concepts/great-moderation-end.md
  touched: /Users/andrewgrant/code/knowledge/wiki/concepts/production-constraints-inflation.md
  touched: /Users/andrewgrant/code/knowledge/wiki/concepts/stock-bond-correlation-regime-shift.md
  touched: /Users/andrewgrant/code/knowledge/wiki/concepts/pricing-the-damage-matrix.md
  touched: /Users/andrewgrant/code/knowledge/wiki/concepts/cyclical-vs-structural-inflation.md
  touched: /Users/andrewgrant/code/knowledge/wiki/concepts/60-40-portfolio-2022-collapse.md
  touched: /Users/andrewgrant/code/knowledge/wiki/entities/federal-reserve.md
  touched: /Users/andrewgrant/code/knowledge/wiki/concepts/great-reflation.md
  touched: /Users/andrewgrant/code/knowledge/wiki/concepts/2022-bond-bear-market.md
  touched: /Users/andrewgrant/code/knowledge/log.md
---
===[15] trading-and-markets pdf-judy-2022-primer-adjusted-a===
ok: already ingested; ran --with-plan: applied plan for pdf-judy-2022-primer-adjusted-a: 10 update(s)
  touched: /Users/andrewgrant/code/knowledge/wiki/entities/per-bylund.md
  touched: /Users/andrewgrant/code/knowledge/wiki/entities/mises-institute.md
  touched: /Users/andrewgrant/code/knowledge/wiki/entities/frederic-bastiat.md
  touched: /Users/andrewgrant/code/knowledge/wiki/entities/carl-menger.md
  touched: /Users/andrewgrant/code/knowledge/wiki/entities/ludwig-von-mises.md
  touched: /Users/andrewgrant/code/knowledge/wiki/concepts/spontaneous-order.md
  touched: /Users/andrewgrant/code/knowledge/wiki/concepts/action-axiom.md
  touched: /Users/andrewgrant/code/knowledge/wiki/concepts/economic-calculation.md
  touched: /Users/andrewgrant/code/knowledge/wiki/concepts/austrian-business-cycle-theory.md
  touched: /Users/andrewgrant/code/knowledge/wiki/concepts/seen-unseen-unrealized.md
  touched: /Users/andrewgrant/code/knowledge/log.md
---
===[16] trading-and-markets pdf-tw-2007-3379-pdf===
ok: already ingested; ran --with-plan: plan for pdf-tw-2007-3379-pdf contains no updates
---
===[17] trading-and-markets pdf-ned-augenblick-2025-overinference-from-weak===
ok: already ingested; ran --with-plan: applied plan for pdf-ned-augenblick-2025-overinference-from-weak: 8 update(s)
  touched: /Users/andrewgrant/code/knowledge/wiki/entities/ned-augenblick.md
  touched: /Users/andrewgrant/code/knowledge/wiki/entities/eben-lazarus.md
  touched: /Users/andrewgrant/code/knowledge/wiki/entities/michael-thaler.md
  touched: /Users/andrewgrant/code/knowledge/wiki/concepts/signal-strength-dependent-updating.md
  touched: /Users/andrewgrant/code/knowledge/wiki/concepts/bookbag-and-poker-chips-paradigm.md
  touched: /Users/andrewgrant/code/knowledge/wiki/concepts/excess-volatility-signal-strength.md
  touched: /Users/andrewgrant/code/knowledge/wiki/concepts/base-rate-neglect.md
  touched: /Users/andrewgrant/code/knowledge/wiki/concepts/post-earnings-announcement-drift.md
  touched: /Users/andrewgrant/code/knowledge/log.md
---
===[18] trading-and-markets pdf-silicon-valley-2025-state-of-the===
ok: already ingested; ran --with-plan: applied plan for pdf-silicon-valley-2025-state-of-the: 10 update(s)
  touched: /Users/andrewgrant/code/knowledge/wiki/entities/silicon-valley-bank.md
  touched: /Users/andrewgrant/code/knowledge/wiki/entities/marc-cadieux.md
  touched: /Users/andrewgrant/code/knowledge/wiki/entities/mark-gallagher.md
  touched: /Users/andrewgrant/code/knowledge/wiki/concepts/ai-vc-valuation-premium.md
  touched: /Users/andrewgrant/code/knowledge/wiki/concepts/mega-deal-vc-distortion.md
  touched: /Users/andrewgrant/code/knowledge/wiki/concepts/vc-graduation-rate-decline.md
  touched: /Users/andrewgrant/code/knowledge/wiki/concepts/foreign-born-founder-impact.md
  touched: /Users/andrewgrant/code/knowledge/wiki/concepts/venture-institutionalization.md
  touched: /Users/andrewgrant/code/knowledge/wiki/concepts/dot-com-ai-parallel.md
  touched: /Users/andrewgrant/code/knowledge/wiki/concepts/risk-free-rate-vc-crowding.md
  touched: /Users/andrewgrant/code/knowledge/log.md
---
===[19] trading-and-markets pdf-matthew-notowidigdo-2020-gkno-manuscript-1025===
ok: already ingested; ran --with-plan: applied plan for pdf-matthew-notowidigdo-2020-gkno-manuscript-1025: 10 update(s)
  touched: /Users/andrewgrant/code/knowledge/wiki/entities/craig-garthwaite.md
  touched: /Users/andrewgrant/code/knowledge/wiki/entities/jordan-keener.md
  touched: /Users/andrewgrant/code/knowledge/wiki/entities/matthew-notowidigdo.md
  touched: /Users/andrewgrant/code/knowledge/wiki/entities/nicole-ozminkowski.md
  touched: /Users/andrewgrant/code/knowledge/wiki/entities/ncaa.md
  touched: /Users/andrewgrant/code/knowledge/wiki/entities/northwestern-university.md
  touched: /Users/andrewgrant/code/knowledge/wiki/concepts/amateurism-rents.md
  touched: /Users/andrewgrant/code/knowledge/wiki/concepts/college-sports-rent-sharing.md
  touched: /Users/andrewgrant/code/knowledge/wiki/concepts/power-five-business-model.md
  touched: /Users/andrewgrant/code/knowledge/wiki/concepts/amateurism-regressive-transfer.md
  touched: /Users/andrewgrant/code/knowledge/log.md
---
===[20] trading-and-markets pdf-munger-2021-revised-psychology-of===
ok: already ingested; ran --with-plan: applied plan for pdf-munger-2021-revised-psychology-of: 14 update(s)
  touched: /Users/andrewgrant/code/knowledge/wiki/entities/charles-munger.md
  touched: /Users/andrewgrant/code/knowledge/wiki/entities/robert-cialdini.md
  touched: /Users/andrewgrant/code/knowledge/wiki/entities/stanley-milgram.md
  touched: /Users/andrewgrant/code/knowledge/wiki/concepts/munger-twenty-five-tendencies.md
  touched: /Users/andrewgrant/code/knowledge/wiki/concepts/incentive-caused-bias.md
  touched: /Users/andrewgrant/code/knowledge/wiki/concepts/lollapalooza-effect.md
  touched: /Users/andrewgrant/code/knowledge/wiki/concepts/deprival-superreaction-tendency.md
  touched: /Users/andrewgrant/code/knowledge/wiki/concepts/social-proof-tendency.md
  touched: /Users/andrewgrant/code/knowledge/wiki/concepts/inconsistency-avoidance-tendency.md
  touched: /Users/andrewgrant/code/knowledge/wiki/concepts/man-with-a-hammer-tendency.md
  touched: /Users/andrewgrant/code/knowledge/wiki/concepts/contrast-misreaction-tendency.md
  touched: /Users/andrewgrant/code/knowledge/wiki/concepts/availability-misweighing-tendency.md
  touched: /Users/andrewgrant/code/knowledge/wiki/concepts/reciprocation-tendency.md
  touched: /Users/andrewgrant/code/knowledge/wiki/concepts/authority-misinfluence-tendency.md
  touched: /Users/andrewgrant/code/knowledge/log.md
---
WITH_PLAN_DONE 2026-05-04T19:08:37Z
